------------------------------------------------------------
TimeQuest Timing Analyzer Summary
------------------------------------------------------------

Type  : Slow 1200mV 85C Model Setup 'div|altpll_component|auto_generated|pll1|clk[0]'
Slack : -166.388
TNS   : -4188.111

Type  : Slow 1200mV 85C Model Setup 'CLOCK_50'
Slack : -49.318
TNS   : -273.039

Type  : Slow 1200mV 85C Model Setup 'ps2_processor_module:ps2process|ps2_interpreter:ps2int|vready'
Slack : -7.501
TNS   : -140.247

Type  : Slow 1200mV 85C Model Setup 'ps2_processor_module:ps2process|ps2_interpreter:ps2int|aready'
Slack : -6.450
TNS   : -81.788

Type  : Slow 1200mV 85C Model Setup 'regfile:my_regfile|register:gen_dffe[17].register|dffe_ref:gen_dffe[0].dffe|q'
Slack : -2.878
TNS   : -85.999

Type  : Slow 1200mV 85C Model Setup 'ps2_processor_module:ps2process|ps2_line_ready'
Slack : -0.875
TNS   : -164.794

Type  : Slow 1200mV 85C Model Setup 'p1|altpll_component|pll|clk[2]'
Slack : 8.538
TNS   : 0.000

Type  : Slow 1200mV 85C Model Hold 'CLOCK_50'
Slack : 0.403
TNS   : 0.000

Type  : Slow 1200mV 85C Model Hold 'div|altpll_component|auto_generated|pll1|clk[0]'
Slack : 0.403
TNS   : 0.000

Type  : Slow 1200mV 85C Model Hold 'ps2_processor_module:ps2process|ps2_line_ready'
Slack : 0.416
TNS   : 0.000

Type  : Slow 1200mV 85C Model Hold 'p1|altpll_component|pll|clk[2]'
Slack : 0.489
TNS   : 0.000

Type  : Slow 1200mV 85C Model Hold 'regfile:my_regfile|register:gen_dffe[17].register|dffe_ref:gen_dffe[0].dffe|q'
Slack : 0.545
TNS   : 0.000

Type  : Slow 1200mV 85C Model Hold 'ps2_processor_module:ps2process|ps2_interpreter:ps2int|vready'
Slack : 0.690
TNS   : 0.000

Type  : Slow 1200mV 85C Model Hold 'ps2_processor_module:ps2process|ps2_interpreter:ps2int|aready'
Slack : 1.876
TNS   : 0.000

Type  : Slow 1200mV 85C Model Recovery 'div|altpll_component|auto_generated|pll1|clk[0]'
Slack : 2.941
TNS   : 0.000

Type  : Slow 1200mV 85C Model Recovery 'p1|altpll_component|pll|clk[2]'
Slack : 11.560
TNS   : 0.000

Type  : Slow 1200mV 85C Model Removal 'div|altpll_component|auto_generated|pll1|clk[0]'
Slack : 5.436
TNS   : 0.000

Type  : Slow 1200mV 85C Model Removal 'p1|altpll_component|pll|clk[2]'
Slack : 6.936
TNS   : 0.000

Type  : Slow 1200mV 85C Model Minimum Pulse Width 'ps2_processor_module:ps2process|ps2_line_ready'
Slack : -1.285
TNS   : -1097.390

Type  : Slow 1200mV 85C Model Minimum Pulse Width 'regfile:my_regfile|register:gen_dffe[17].register|dffe_ref:gen_dffe[0].dffe|q'
Slack : -1.285
TNS   : -41.120

Type  : Slow 1200mV 85C Model Minimum Pulse Width 'ps2_processor_module:ps2process|ps2_interpreter:ps2int|vready'
Slack : -1.285
TNS   : -29.555

Type  : Slow 1200mV 85C Model Minimum Pulse Width 'ps2_processor_module:ps2process|ps2_interpreter:ps2int|aready'
Slack : -1.285
TNS   : -20.560

Type  : Slow 1200mV 85C Model Minimum Pulse Width 'CLOCK_50'
Slack : 9.622
TNS   : 0.000

Type  : Slow 1200mV 85C Model Minimum Pulse Width 'p1|altpll_component|pll|clk[2]'
Slack : 19.708
TNS   : 0.000

Type  : Slow 1200mV 85C Model Minimum Pulse Width 'div|altpll_component|auto_generated|pll1|clk[0]'
Slack : 24.686
TNS   : 0.000

Type  : Slow 1200mV 0C Model Setup 'div|altpll_component|auto_generated|pll1|clk[0]'
Slack : -145.492
TNS   : -3626.131

Type  : Slow 1200mV 0C Model Setup 'CLOCK_50'
Slack : -44.345
TNS   : -244.376

Type  : Slow 1200mV 0C Model Setup 'ps2_processor_module:ps2process|ps2_interpreter:ps2int|vready'
Slack : -6.631
TNS   : -124.360

Type  : Slow 1200mV 0C Model Setup 'ps2_processor_module:ps2process|ps2_interpreter:ps2int|aready'
Slack : -5.780
TNS   : -73.051

Type  : Slow 1200mV 0C Model Setup 'regfile:my_regfile|register:gen_dffe[17].register|dffe_ref:gen_dffe[0].dffe|q'
Slack : -2.580
TNS   : -76.737

Type  : Slow 1200mV 0C Model Setup 'ps2_processor_module:ps2process|ps2_line_ready'
Slack : -0.736
TNS   : -101.679

Type  : Slow 1200mV 0C Model Setup 'p1|altpll_component|pll|clk[2]'
Slack : 9.386
TNS   : 0.000

Type  : Slow 1200mV 0C Model Hold 'CLOCK_50'
Slack : 0.354
TNS   : 0.000

Type  : Slow 1200mV 0C Model Hold 'div|altpll_component|auto_generated|pll1|clk[0]'
Slack : 0.354
TNS   : 0.000

Type  : Slow 1200mV 0C Model Hold 'ps2_processor_module:ps2process|ps2_line_ready'
Slack : 0.383
TNS   : 0.000

Type  : Slow 1200mV 0C Model Hold 'p1|altpll_component|pll|clk[2]'
Slack : 0.443
TNS   : 0.000

Type  : Slow 1200mV 0C Model Hold 'regfile:my_regfile|register:gen_dffe[17].register|dffe_ref:gen_dffe[0].dffe|q'
Slack : 0.491
TNS   : 0.000

Type  : Slow 1200mV 0C Model Hold 'ps2_processor_module:ps2process|ps2_interpreter:ps2int|vready'
Slack : 0.629
TNS   : 0.000

Type  : Slow 1200mV 0C Model Hold 'ps2_processor_module:ps2process|ps2_interpreter:ps2int|aready'
Slack : 1.698
TNS   : 0.000

Type  : Slow 1200mV 0C Model Recovery 'div|altpll_component|auto_generated|pll1|clk[0]'
Slack : 3.667
TNS   : 0.000

Type  : Slow 1200mV 0C Model Recovery 'p1|altpll_component|pll|clk[2]'
Slack : 12.338
TNS   : 0.000

Type  : Slow 1200mV 0C Model Removal 'div|altpll_component|auto_generated|pll1|clk[0]'
Slack : 4.794
TNS   : 0.000

Type  : Slow 1200mV 0C Model Removal 'p1|altpll_component|pll|clk[2]'
Slack : 6.182
TNS   : 0.000

Type  : Slow 1200mV 0C Model Minimum Pulse Width 'ps2_processor_module:ps2process|ps2_line_ready'
Slack : -1.285
TNS   : -1097.390

Type  : Slow 1200mV 0C Model Minimum Pulse Width 'regfile:my_regfile|register:gen_dffe[17].register|dffe_ref:gen_dffe[0].dffe|q'
Slack : -1.285
TNS   : -41.120

Type  : Slow 1200mV 0C Model Minimum Pulse Width 'ps2_processor_module:ps2process|ps2_interpreter:ps2int|vready'
Slack : -1.285
TNS   : -29.555

Type  : Slow 1200mV 0C Model Minimum Pulse Width 'ps2_processor_module:ps2process|ps2_interpreter:ps2int|aready'
Slack : -1.285
TNS   : -20.560

Type  : Slow 1200mV 0C Model Minimum Pulse Width 'CLOCK_50'
Slack : 9.647
TNS   : 0.000

Type  : Slow 1200mV 0C Model Minimum Pulse Width 'p1|altpll_component|pll|clk[2]'
Slack : 19.708
TNS   : 0.000

Type  : Slow 1200mV 0C Model Minimum Pulse Width 'div|altpll_component|auto_generated|pll1|clk[0]'
Slack : 24.680
TNS   : 0.000

Type  : Fast 1200mV 0C Model Setup 'div|altpll_component|auto_generated|pll1|clk[0]'
Slack : -55.370
TNS   : -1218.168

Type  : Fast 1200mV 0C Model Setup 'CLOCK_50'
Slack : -23.316
TNS   : -122.239

Type  : Fast 1200mV 0C Model Setup 'ps2_processor_module:ps2process|ps2_interpreter:ps2int|vready'
Slack : -3.253
TNS   : -58.618

Type  : Fast 1200mV 0C Model Setup 'ps2_processor_module:ps2process|ps2_interpreter:ps2int|aready'
Slack : -2.691
TNS   : -32.513

Type  : Fast 1200mV 0C Model Setup 'regfile:my_regfile|register:gen_dffe[17].register|dffe_ref:gen_dffe[0].dffe|q'
Slack : -0.872
TNS   : -25.116

Type  : Fast 1200mV 0C Model Setup 'ps2_processor_module:ps2process|ps2_line_ready'
Slack : 0.015
TNS   : 0.000

Type  : Fast 1200mV 0C Model Setup 'p1|altpll_component|pll|clk[2]'
Slack : 14.194
TNS   : 0.000

Type  : Fast 1200mV 0C Model Hold 'ps2_processor_module:ps2process|ps2_line_ready'
Slack : 0.140
TNS   : 0.000

Type  : Fast 1200mV 0C Model Hold 'CLOCK_50'
Slack : 0.180
TNS   : 0.000

Type  : Fast 1200mV 0C Model Hold 'div|altpll_component|auto_generated|pll1|clk[0]'
Slack : 0.182
TNS   : 0.000

Type  : Fast 1200mV 0C Model Hold 'p1|altpll_component|pll|clk[2]'
Slack : 0.224
TNS   : 0.000

Type  : Fast 1200mV 0C Model Hold 'regfile:my_regfile|register:gen_dffe[17].register|dffe_ref:gen_dffe[0].dffe|q'
Slack : 0.246
TNS   : 0.000

Type  : Fast 1200mV 0C Model Hold 'ps2_processor_module:ps2process|ps2_interpreter:ps2int|vready'
Slack : 0.323
TNS   : 0.000

Type  : Fast 1200mV 0C Model Hold 'ps2_processor_module:ps2process|ps2_interpreter:ps2int|aready'
Slack : 0.890
TNS   : 0.000

Type  : Fast 1200mV 0C Model Recovery 'div|altpll_component|auto_generated|pll1|clk[0]'
Slack : 6.191
TNS   : 0.000

Type  : Fast 1200mV 0C Model Recovery 'p1|altpll_component|pll|clk[2]'
Slack : 15.378
TNS   : 0.000

Type  : Fast 1200mV 0C Model Removal 'div|altpll_component|auto_generated|pll1|clk[0]'
Slack : 2.800
TNS   : 0.000

Type  : Fast 1200mV 0C Model Removal 'p1|altpll_component|pll|clk[2]'
Slack : 3.475
TNS   : 0.000

Type  : Fast 1200mV 0C Model Minimum Pulse Width 'ps2_processor_module:ps2process|ps2_line_ready'
Slack : -1.000
TNS   : -854.000

Type  : Fast 1200mV 0C Model Minimum Pulse Width 'regfile:my_regfile|register:gen_dffe[17].register|dffe_ref:gen_dffe[0].dffe|q'
Slack : -1.000
TNS   : -32.000

Type  : Fast 1200mV 0C Model Minimum Pulse Width 'ps2_processor_module:ps2process|ps2_interpreter:ps2int|vready'
Slack : -1.000
TNS   : -23.000

Type  : Fast 1200mV 0C Model Minimum Pulse Width 'ps2_processor_module:ps2process|ps2_interpreter:ps2int|aready'
Slack : -1.000
TNS   : -16.000

Type  : Fast 1200mV 0C Model Minimum Pulse Width 'CLOCK_50'
Slack : 9.372
TNS   : 0.000

Type  : Fast 1200mV 0C Model Minimum Pulse Width 'p1|altpll_component|pll|clk[2]'
Slack : 19.753
TNS   : 0.000

Type  : Fast 1200mV 0C Model Minimum Pulse Width 'div|altpll_component|auto_generated|pll1|clk[0]'
Slack : 24.762
TNS   : 0.000

------------------------------------------------------------
