------------------------------------------------------------
TimeQuest Timing Analyzer Summary
------------------------------------------------------------

Type  : Slow 1200mV 85C Model Setup 'div|altpll_component|auto_generated|pll1|clk[0]'
Slack : -167.638
TNS   : -4253.256

Type  : Slow 1200mV 85C Model Setup 'CLOCK_50'
Slack : -52.648
TNS   : -702.452

Type  : Slow 1200mV 85C Model Setup 'ps2_processor_module:ps2process|ps2_interpreter:ps2int|vready'
Slack : -6.515
TNS   : -117.955

Type  : Slow 1200mV 85C Model Setup 'ps2_processor_module:ps2process|ps2_interpreter:ps2int|aready'
Slack : -4.264
TNS   : -50.208

Type  : Slow 1200mV 85C Model Setup 'regfile:my_regfile|register:gen_dffe[17].register|dffe_ref:gen_dffe[0].dffe|q'
Slack : -2.823
TNS   : -92.130

Type  : Slow 1200mV 85C Model Setup 'ps2_processor_module:ps2process|ps2_line_ready'
Slack : -0.831
TNS   : -140.137

Type  : Slow 1200mV 85C Model Setup 'p1|altpll_component|pll|clk[2]'
Slack : 8.051
TNS   : 0.000

Type  : Slow 1200mV 85C Model Hold 'CLOCK_50'
Slack : 0.385
TNS   : 0.000

Type  : Slow 1200mV 85C Model Hold 'div|altpll_component|auto_generated|pll1|clk[0]'
Slack : 0.402
TNS   : 0.000

Type  : Slow 1200mV 85C Model Hold 'ps2_processor_module:ps2process|ps2_line_ready'
Slack : 0.429
TNS   : 0.000

Type  : Slow 1200mV 85C Model Hold 'p1|altpll_component|pll|clk[2]'
Slack : 0.463
TNS   : 0.000

Type  : Slow 1200mV 85C Model Hold 'regfile:my_regfile|register:gen_dffe[17].register|dffe_ref:gen_dffe[0].dffe|q'
Slack : 0.547
TNS   : 0.000

Type  : Slow 1200mV 85C Model Hold 'ps2_processor_module:ps2process|ps2_interpreter:ps2int|aready'
Slack : 0.887
TNS   : 0.000

Type  : Slow 1200mV 85C Model Hold 'ps2_processor_module:ps2process|ps2_interpreter:ps2int|vready'
Slack : 0.890
TNS   : 0.000

Type  : Slow 1200mV 85C Model Recovery 'div|altpll_component|auto_generated|pll1|clk[0]'
Slack : 2.505
TNS   : 0.000

Type  : Slow 1200mV 85C Model Recovery 'p1|altpll_component|pll|clk[2]'
Slack : 11.637
TNS   : 0.000

Type  : Slow 1200mV 85C Model Removal 'div|altpll_component|auto_generated|pll1|clk[0]'
Slack : 5.786
TNS   : 0.000

Type  : Slow 1200mV 85C Model Removal 'p1|altpll_component|pll|clk[2]'
Slack : 6.638
TNS   : 0.000

Type  : Slow 1200mV 85C Model Minimum Pulse Width 'regfile:my_regfile|register:gen_dffe[17].register|dffe_ref:gen_dffe[0].dffe|q'
Slack : -2.693
TNS   : -51.892

Type  : Slow 1200mV 85C Model Minimum Pulse Width 'ps2_processor_module:ps2process|ps2_line_ready'
Slack : -1.285
TNS   : -1106.385

Type  : Slow 1200mV 85C Model Minimum Pulse Width 'ps2_processor_module:ps2process|ps2_interpreter:ps2int|vready'
Slack : -1.285
TNS   : -29.555

Type  : Slow 1200mV 85C Model Minimum Pulse Width 'ps2_processor_module:ps2process|ps2_interpreter:ps2int|aready'
Slack : -1.285
TNS   : -20.560

Type  : Slow 1200mV 85C Model Minimum Pulse Width 'CLOCK_50'
Slack : 9.622
TNS   : 0.000

Type  : Slow 1200mV 85C Model Minimum Pulse Width 'p1|altpll_component|pll|clk[2]'
Slack : 19.712
TNS   : 0.000

Type  : Slow 1200mV 85C Model Minimum Pulse Width 'div|altpll_component|auto_generated|pll1|clk[0]'
Slack : 24.685
TNS   : 0.000

Type  : Slow 1200mV 0C Model Setup 'div|altpll_component|auto_generated|pll1|clk[0]'
Slack : -146.218
TNS   : -3677.289

Type  : Slow 1200mV 0C Model Setup 'CLOCK_50'
Slack : -47.519
TNS   : -622.320

Type  : Slow 1200mV 0C Model Setup 'ps2_processor_module:ps2process|ps2_interpreter:ps2int|vready'
Slack : -5.687
TNS   : -103.388

Type  : Slow 1200mV 0C Model Setup 'ps2_processor_module:ps2process|ps2_interpreter:ps2int|aready'
Slack : -3.719
TNS   : -43.097

Type  : Slow 1200mV 0C Model Setup 'regfile:my_regfile|register:gen_dffe[17].register|dffe_ref:gen_dffe[0].dffe|q'
Slack : -2.522
TNS   : -82.583

Type  : Slow 1200mV 0C Model Setup 'ps2_processor_module:ps2process|ps2_line_ready'
Slack : -0.696
TNS   : -83.537

Type  : Slow 1200mV 0C Model Setup 'p1|altpll_component|pll|clk[2]'
Slack : 9.003
TNS   : 0.000

Type  : Slow 1200mV 0C Model Hold 'CLOCK_50'
Slack : 0.338
TNS   : 0.000

Type  : Slow 1200mV 0C Model Hold 'div|altpll_component|auto_generated|pll1|clk[0]'
Slack : 0.354
TNS   : 0.000

Type  : Slow 1200mV 0C Model Hold 'ps2_processor_module:ps2process|ps2_line_ready'
Slack : 0.396
TNS   : 0.000

Type  : Slow 1200mV 0C Model Hold 'p1|altpll_component|pll|clk[2]'
Slack : 0.425
TNS   : 0.000

Type  : Slow 1200mV 0C Model Hold 'regfile:my_regfile|register:gen_dffe[17].register|dffe_ref:gen_dffe[0].dffe|q'
Slack : 0.496
TNS   : 0.000

Type  : Slow 1200mV 0C Model Hold 'ps2_processor_module:ps2process|ps2_interpreter:ps2int|vready'
Slack : 0.735
TNS   : 0.000

Type  : Slow 1200mV 0C Model Hold 'ps2_processor_module:ps2process|ps2_interpreter:ps2int|aready'
Slack : 0.747
TNS   : 0.000

Type  : Slow 1200mV 0C Model Recovery 'div|altpll_component|auto_generated|pll1|clk[0]'
Slack : 3.317
TNS   : 0.000

Type  : Slow 1200mV 0C Model Recovery 'p1|altpll_component|pll|clk[2]'
Slack : 12.507
TNS   : 0.000

Type  : Slow 1200mV 0C Model Removal 'div|altpll_component|auto_generated|pll1|clk[0]'
Slack : 5.163
TNS   : 0.000

Type  : Slow 1200mV 0C Model Removal 'p1|altpll_component|pll|clk[2]'
Slack : 5.938
TNS   : 0.000

Type  : Slow 1200mV 0C Model Minimum Pulse Width 'regfile:my_regfile|register:gen_dffe[17].register|dffe_ref:gen_dffe[0].dffe|q'
Slack : -2.649
TNS   : -51.716

Type  : Slow 1200mV 0C Model Minimum Pulse Width 'ps2_processor_module:ps2process|ps2_line_ready'
Slack : -1.285
TNS   : -1106.385

Type  : Slow 1200mV 0C Model Minimum Pulse Width 'ps2_processor_module:ps2process|ps2_interpreter:ps2int|vready'
Slack : -1.285
TNS   : -29.555

Type  : Slow 1200mV 0C Model Minimum Pulse Width 'ps2_processor_module:ps2process|ps2_interpreter:ps2int|aready'
Slack : -1.285
TNS   : -20.560

Type  : Slow 1200mV 0C Model Minimum Pulse Width 'CLOCK_50'
Slack : 9.644
TNS   : 0.000

Type  : Slow 1200mV 0C Model Minimum Pulse Width 'p1|altpll_component|pll|clk[2]'
Slack : 19.712
TNS   : 0.000

Type  : Slow 1200mV 0C Model Minimum Pulse Width 'div|altpll_component|auto_generated|pll1|clk[0]'
Slack : 24.680
TNS   : 0.000

Type  : Fast 1200mV 0C Model Setup 'div|altpll_component|auto_generated|pll1|clk[0]'
Slack : -56.198
TNS   : -1254.259

Type  : Fast 1200mV 0C Model Setup 'CLOCK_50'
Slack : -24.957
TNS   : -247.586

Type  : Fast 1200mV 0C Model Setup 'ps2_processor_module:ps2process|ps2_interpreter:ps2int|vready'
Slack : -2.758
TNS   : -47.319

Type  : Fast 1200mV 0C Model Setup 'ps2_processor_module:ps2process|ps2_interpreter:ps2int|aready'
Slack : -1.536
TNS   : -16.168

Type  : Fast 1200mV 0C Model Setup 'regfile:my_regfile|register:gen_dffe[17].register|dffe_ref:gen_dffe[0].dffe|q'
Slack : -1.107
TNS   : -26.068

Type  : Fast 1200mV 0C Model Setup 'ps2_processor_module:ps2process|ps2_line_ready'
Slack : 0.063
TNS   : 0.000

Type  : Fast 1200mV 0C Model Setup 'p1|altpll_component|pll|clk[2]'
Slack : 13.947
TNS   : 0.000

Type  : Fast 1200mV 0C Model Hold 'div|altpll_component|auto_generated|pll1|clk[0]'
Slack : 0.148
TNS   : 0.000

Type  : Fast 1200mV 0C Model Hold 'CLOCK_50'
Slack : 0.173
TNS   : 0.000

Type  : Fast 1200mV 0C Model Hold 'ps2_processor_module:ps2process|ps2_line_ready'
Slack : 0.189
TNS   : 0.000

Type  : Fast 1200mV 0C Model Hold 'p1|altpll_component|pll|clk[2]'
Slack : 0.205
TNS   : 0.000

Type  : Fast 1200mV 0C Model Hold 'regfile:my_regfile|register:gen_dffe[17].register|dffe_ref:gen_dffe[0].dffe|q'
Slack : 0.246
TNS   : 0.000

Type  : Fast 1200mV 0C Model Hold 'ps2_processor_module:ps2process|ps2_interpreter:ps2int|aready'
Slack : 0.350
TNS   : 0.000

Type  : Fast 1200mV 0C Model Hold 'ps2_processor_module:ps2process|ps2_interpreter:ps2int|vready'
Slack : 0.375
TNS   : 0.000

Type  : Fast 1200mV 0C Model Recovery 'div|altpll_component|auto_generated|pll1|clk[0]'
Slack : 5.919
TNS   : 0.000

Type  : Fast 1200mV 0C Model Recovery 'p1|altpll_component|pll|clk[2]'
Slack : 15.423
TNS   : 0.000

Type  : Fast 1200mV 0C Model Removal 'div|altpll_component|auto_generated|pll1|clk[0]'
Slack : 3.006
TNS   : 0.000

Type  : Fast 1200mV 0C Model Removal 'p1|altpll_component|pll|clk[2]'
Slack : 3.328
TNS   : 0.000

Type  : Fast 1200mV 0C Model Minimum Pulse Width 'ps2_processor_module:ps2process|ps2_line_ready'
Slack : -1.000
TNS   : -861.000

Type  : Fast 1200mV 0C Model Minimum Pulse Width 'regfile:my_regfile|register:gen_dffe[17].register|dffe_ref:gen_dffe[0].dffe|q'
Slack : -1.000
TNS   : -36.000

Type  : Fast 1200mV 0C Model Minimum Pulse Width 'ps2_processor_module:ps2process|ps2_interpreter:ps2int|vready'
Slack : -1.000
TNS   : -23.000

Type  : Fast 1200mV 0C Model Minimum Pulse Width 'ps2_processor_module:ps2process|ps2_interpreter:ps2int|aready'
Slack : -1.000
TNS   : -16.000

Type  : Fast 1200mV 0C Model Minimum Pulse Width 'CLOCK_50'
Slack : 9.371
TNS   : 0.000

Type  : Fast 1200mV 0C Model Minimum Pulse Width 'p1|altpll_component|pll|clk[2]'
Slack : 19.752
TNS   : 0.000

Type  : Fast 1200mV 0C Model Minimum Pulse Width 'div|altpll_component|auto_generated|pll1|clk[0]'
Slack : 24.762
TNS   : 0.000

------------------------------------------------------------
